154.0.133.64 - - [11/Feb/2023:01:35:34 +0000] "GET / HTTP/1.1" 200 18589 "-" "Mozilla/5.0 (Windows NT 10.0; Win64; x64) AppleWebKit/537.36 (KHTML, like Gecko) Chrome/109.0.0.0 Safari/537.36"
154.0.133.64 - - [11/Feb/2023:01:35:56 +0000] "GET /favicon.ico HTTP/1.1" 200 0 "http://159.89.25.228/" "Mozilla/5.0 (Windows NT 10.0; Win64; x64) AppleWebKit/537.36 (KHTML, like Gecko) Chrome/109.0.0.0 Safari/537.36"
104.152.52.204 - - [11/Feb/2023:01:37:19 +0000] "GET / HTTP/1.0" 200 18561 "-" "masscan/1.3 (https://github.com/robertdavidgraham/masscan)"
193.32.162.159 - - [11/Feb/2023:01:41:18 +0000] "GET / HTTP/1.1" 200 18589 "-" "Mozilla/5.0 (Windows NT 10.0; Win64; x64) AppleWebKit/537.36 (KHTML, like Gecko) Chrome/90.0.4430.85 Safari/537.36 Edg/90.0.818.46"
130.211.54.158 - - [11/Feb/2023:02:42:34 +0000] "GET / HTTP/1.1" 200 18589 "-" "python-requests/2.28.2"
185.246.220.98 - - [11/Feb/2023:02:43:31 +0000] "GET / HTTP/1.1" 200 18589 "-" "Mozilla/5.0 (X11; Ubuntu; Linux x86_64; rv:76.0) Gecko/20100101 Firefox/76.0"
45.79.181.251 - - [11/Feb/2023:02:46:07 +0000] "\x16\x03\x01\x00\x85\x01\x00\x00\x81\x03\x034\xC1K\x0BU\xC1\xFCmW\x93\xE2\x81\x91\xE0\x17\x8454\xEE\xBDv\x8B\xD2S\x96\x91\xCDj!/\xFB_\x00\x00 \xC0/\xC00\xC0+\xC0,\xCC\xA8\xCC\xA9\xC0\x13\xC0\x09\xC0\x14\xC0" 400 157 "-" "-"
162.221.192.26 - - [11/Feb/2023:02:51:11 +0000] "GET / HTTP/1.1" 200 18589 "-" "Mozilla/5.0 (Windows NT 10.0; Win64; x64) AppleWebKit/537.36 (KHTML, like Gecko) Chrome/60.0.3112.113 Safari/537.36"
152.89.196.211 - - [11/Feb/2023:03:01:56 +0000] "POST /vendor/phpunit/phpunit/src/Util/PHP/eval-stdin.php HTTP/1.1" 404 555 "-" "Mozilla/5.0 (Windows NT 10.0; Win64; x64) AppleWebKit/537.36 (KHTML, like Gecko) Chrome/78.0.3904.108 Safari/537.36"
69.164.217.245 - - [11/Feb/2023:03:03:04 +0000] "GET / HTTP/1.1" 200 18589 "-" "Mozilla/5.0 zgrab/0.x"
143.110.222.166 - - [11/Feb/2023:03:08:58 +0000] "GET / HTTP/1.1" 200 18589 "-" "Mozilla/5.0 (iPhone; CPU iPhone OS 16_1 like Mac OS X) AppleWebKit/605.1.15 (KHTML, like Gecko) Version/16.1 Mobile/15E148 Safari/604.1"
152.89.196.211 - - [11/Feb/2023:03:19:17 +0000] "GET /vendor/phpunit/phpunit/src/Util/PHP/eval-stdin.php HTTP/1.1" 404 555 "-" "Mozilla/5.0 (Windows NT 10.0; Win64; x64) AppleWebKit/537.36 (KHTML, like Gecko) Chrome/78.0.3904.108 Safari/537.36"
152.89.196.211 - - [11/Feb/2023:03:22:33 +0000] "GET /solr/admin/info/system?wt=json HTTP/1.1" 404 6622 "-" "Mozilla/5.0 (Windows NT 10.0; Win64; x64) AppleWebKit/537.36 (KHTML, like Gecko) Chrome/78.0.3904.108 Safari/537.36"
45.33.80.243 - - [11/Feb/2023:03:24:28 +0000] "GET / HTTP/1.1" 200 18589 "-" "Mozilla/5.0 (Macintosh; Intel Mac OS X 13_1) AppleWebKit/537.36 (KHTML, like Gecko) Chrome/108.0.0.0 Safari/537.36"
152.89.196.211 - - [11/Feb/2023:03:29:42 +0000] "GET /index.php?s=/Index/\x5Cthink\x5Capp/invokefunction&function=call_user_func_array&vars[0]=md5&vars[1][]=HelloThinkPHP21 HTTP/1.1" 200 18589 "-" "Mozilla/5.0 (Windows NT 10.0; Win64; x64) AppleWebKit/537.36 (KHTML, like Gecko) Chrome/78.0.3904.108 Safari/537.36"
152.89.196.211 - - [11/Feb/2023:03:43:24 +0000] "GET /?a=fetch&content=<php>die(@md5(HelloThinkCMF))</php> HTTP/1.1" 200 18589 "-" "Mozilla/5.0 (Windows NT 10.0; Win64; x64) AppleWebKit/537.36 (KHTML, like Gecko) Chrome/78.0.3904.108 Safari/537.36"
209.145.49.145 - - [11/Feb/2023:03:45:40 +0000] "GET /.env HTTP/1.1" 404 6622 "-" "Mozilla/5.0 (Linux; U; Android 4.4.2; en-US; HM NOTE 1W Build/KOT49H) AppleWebKit/534.30 (KHTML, like Gecko) Version/4.0 UCBrowser/11.0.5.850 U3/0.8.0 Mobile Safari/534.30"
209.145.49.145 - - [11/Feb/2023:03:45:41 +0000] "POST / HTTP/1.1" 405 885331 "-" "Mozilla/5.0 (Linux; U; Android 4.4.2; en-US; HM NOTE 1W Build/KOT49H) AppleWebKit/534.30 (KHTML, like Gecko) Version/4.0 UCBrowser/11.0.5.850 U3/0.8.0 Mobile Safari/534.30"
193.32.162.159 - - [11/Feb/2023:03:53:03 +0000] "GET / HTTP/1.1" 200 18589 "-" "Mozilla/5.0 (Windows NT 10.0; Win64; x64) AppleWebKit/537.36 (KHTML, like Gecko) Chrome/90.0.4430.85 Safari/537.36 Edg/90.0.818.46"
152.89.196.211 - - [11/Feb/2023:03:53:57 +0000] "GET /?XDEBUG_SESSION_START=phpstorm HTTP/1.1" 200 18589 "-" "Mozilla/5.0 (Windows NT 10.0; Win64; x64) AppleWebKit/537.36 (KHTML, like Gecko) Chrome/78.0.3904.108 Safari/537.36"
143.110.222.166 - - [11/Feb/2023:03:58:59 +0000] "GET / HTTP/1.1" 200 18589 "-" "Mozilla/5.0 (iPhone; CPU iPhone OS 16_1 like Mac OS X) AppleWebKit/605.1.15 (KHTML, like Gecko) Version/16.1 Mobile/15E148 Safari/604.1"
173.249.56.171 - - [11/Feb/2023:04:10:34 +0000] "GET /favicon.ico HTTP/1.1" 200 0 "-" "Mozilla/5.0 (Windows NT 5.1) AppleWebKit/537.36 (KHTML, like Gecko) Chrome/35.0.2117.157 Safari/537.36"
173.249.56.171 - - [11/Feb/2023:04:10:34 +0000] "GET /favicon.ico HTTP/1.1" 200 0 "-" "Mozilla/5.0 (Macintosh; Intel Mac OS X 10_8_4) AppleWebKit/537.36 (KHTML, like Gecko) Chrome/49.0.2656.18 Safari/537.36"
152.89.196.211 - - [11/Feb/2023:04:21:24 +0000] "GET /console/ HTTP/1.1" 404 6622 "-" "Mozilla/5.0 (Windows NT 10.0; Win64; x64) AppleWebKit/537.36 (KHTML, like Gecko) Chrome/78.0.3904.108 Safari/537.36"
54.184.189.115 - - [11/Feb/2023:04:25:43 +0000] "GET /.git/HEAD HTTP/1.1" 404 6622 "-" "Mozilla/5.0 zgrab/0.x"
152.89.196.211 - - [11/Feb/2023:04:28:01 +0000] "POST /Autodiscover/Autodiscover.xml HTTP/1.1" 404 6622 "-" "Mozilla/5.0 (Windows NT 10.0; Win64; x64) AppleWebKit/537.36 (KHTML, like Gecko) Chrome/78.0.3904.108 Safari/537.36"
152.89.196.211 - - [11/Feb/2023:04:41:30 +0000] "GET /_ignition/execute-solution HTTP/1.1" 405 885038 "-" "Mozilla/5.0 (Windows NT 10.0; Win64; x64) AppleWebKit/537.36 (KHTML, like Gecko) Chrome/78.0.3904.108 Safari/537.36"
103.149.192.182 - - [11/Feb/2023:04:45:58 +0000] "GET / HTTP/1.1" 200 18589 "-" "Mozilla/5.0 (Windows NT 10.0; Win64; x64) AppleWebKit/537.36 (KHTML, like Gecko) Chrome/79.0.3945.130 Safari/537.36"
152.89.196.211 - - [11/Feb/2023:04:46:42 +0000] "GET / HTTP/1.1" 200 18589 "-" "Mozilla/5.0 (Windows NT 10.0; Win64; x64) AppleWebKit/537.36 (KHTML, like Gecko) Chrome/78.0.3904.108 Safari/537.36"
45.79.181.251 - - [11/Feb/2023:04:49:55 +0000] "\x16\x03\x01\x00\x85\x01\x00\x00\x81\x03\x03\x93\xFCg5-c_\x9F&\x91\x93-}\x1D\x11\x10\xB4\xD0s@h\xFFp^\x8C4(\x83\xA3\xED\x88\xE9\x00\x00 \xC0/\xC00\xC0+\xC0,\xCC\xA8\xCC\xA9\xC0\x13\xC0\x09\xC0\x14\xC0" 400 157 "-" "-"
152.89.196.211 - - [11/Feb/2023:04:58:00 +0000] "POST /cgi-bin/.%2e/.%2e/.%2e/.%2e/bin/sh HTTP/1.1" 400 157 "-" "-"
143.110.222.166 - - [11/Feb/2023:05:01:29 +0000] "GET / HTTP/1.1" 200 18589 "-" "Mozilla/5.0 (iPhone; CPU iPhone OS 16_1 like Mac OS X) AppleWebKit/605.1.15 (KHTML, like Gecko) Version/16.1 Mobile/15E148 Safari/604.1"
152.89.196.211 - - [11/Feb/2023:05:08:09 +0000] "GET / HTTP/1.1" 200 18589 "-" "Mozilla/5.0 (Windows NT 10.0; Win64; x64) AppleWebKit/537.36 (KHTML, like Gecko) Chrome/78.0.3904.108 Safari/537.36"
205.210.31.21 - - [11/Feb/2023:05:26:51 +0000] "GET / HTTP/1.1" 200 18589 "-" "-"
109.237.96.124 - - [11/Feb/2023:05:35:30 +0000] "POST /_ignition/execute-solution HTTP/1.1" 403 6666 "-" "Mozilla/5.0 (Windows NT 10.0; Win64; x64) AppleWebKit/537.36 (KHTML, like Gecko) Chrome/78.0.3904.108 Safari/537.36"
109.237.96.124 - - [11/Feb/2023:05:35:31 +0000] "POST /_ignition/execute-solution HTTP/1.1" 403 6666 "-" "Mozilla/5.0 (Windows NT 10.0; Win64; x64) AppleWebKit/537.36 (KHTML, like Gecko) Chrome/78.0.3904.108 Safari/537.36"
109.237.96.124 - - [11/Feb/2023:05:35:32 +0000] "POST /_ignition/execute-solution HTTP/1.1" 403 6666 "-" "Mozilla/5.0 (Windows NT 10.0; Win64; x64) AppleWebKit/537.36 (KHTML, like Gecko) Chrome/78.0.3904.108 Safari/537.36"
109.237.96.124 - - [11/Feb/2023:05:35:34 +0000] "POST /_ignition/execute-solution HTTP/1.1" 403 6666 "-" "Mozilla/5.0 (Windows NT 10.0; Win64; x64) AppleWebKit/537.36 (KHTML, like Gecko) Chrome/78.0.3904.108 Safari/537.36"
109.237.96.124 - - [11/Feb/2023:05:35:37 +0000] "POST /_ignition/execute-solution HTTP/1.1" 403 6666 "-" "Mozilla/5.0 (Windows NT 10.0; Win64; x64) AppleWebKit/537.36 (KHTML, like Gecko) Chrome/78.0.3904.108 Safari/537.36"
109.237.96.124 - - [11/Feb/2023:05:35:39 +0000] "POST /_ignition/execute-solution HTTP/1.1" 403 6666 "-" "Mozilla/5.0 (Windows NT 10.0; Win64; x64) AppleWebKit/537.36 (KHTML, like Gecko) Chrome/78.0.3904.108 Safari/537.36"
109.237.96.124 - - [11/Feb/2023:05:35:40 +0000] "POST /_ignition/execute-solution HTTP/1.1" 403 6666 "-" "Mozilla/5.0 (Windows NT 10.0; Win64; x64) AppleWebKit/537.36 (KHTML, like Gecko) Chrome/78.0.3904.108 Safari/537.36"
109.237.96.124 - - [11/Feb/2023:05:35:42 +0000] "POST /_ignition/execute-solution HTTP/1.1" 403 6666 "-" "Mozilla/5.0 (Windows NT 10.0; Win64; x64) AppleWebKit/537.36 (KHTML, like Gecko) Chrome/78.0.3904.108 Safari/537.36"
109.237.96.124 - - [11/Feb/2023:05:35:43 +0000] "POST /_ignition/execute-solution HTTP/1.1" 403 6666 "-" "Mozilla/5.0 (Windows NT 10.0; Win64; x64) AppleWebKit/537.36 (KHTML, like Gecko) Chrome/78.0.3904.108 Safari/537.36"
109.237.96.124 - - [11/Feb/2023:05:35:44 +0000] "POST /_ignition/execute-solution HTTP/1.1" 403 6666 "-" "Mozilla/5.0 (Windows NT 10.0; Win64; x64) AppleWebKit/537.36 (KHTML, like Gecko) Chrome/78.0.3904.108 Safari/537.36"
109.237.96.124 - - [11/Feb/2023:05:35:46 +0000] "POST /_ignition/execute-solution HTTP/1.1" 403 6666 "-" "Mozilla/5.0 (Windows NT 10.0; Win64; x64) AppleWebKit/537.36 (KHTML, like Gecko) Chrome/78.0.3904.108 Safari/537.36"
109.237.96.124 - - [11/Feb/2023:05:35:48 +0000] "POST /_ignition/execute-solution HTTP/1.1" 403 6666 "-" "Mozilla/5.0 (Windows NT 10.0; Win64; x64) AppleWebKit/537.36 (KHTML, like Gecko) Chrome/78.0.3904.108 Safari/537.36"
109.237.96.124 - - [11/Feb/2023:05:35:50 +0000] "POST /_ignition/execute-solution HTTP/1.1" 403 6666 "-" "Mozilla/5.0 (Windows NT 10.0; Win64; x64) AppleWebKit/537.36 (KHTML, like Gecko) Chrome/78.0.3904.108 Safari/537.36"
109.237.96.124 - - [11/Feb/2023:05:35:52 +0000] "POST /_ignition/execute-solution HTTP/1.1" 403 6666 "-" "Mozilla/5.0 (Windows NT 10.0; Win64; x64) AppleWebKit/537.36 (KHTML, like Gecko) Chrome/78.0.3904.108 Safari/537.36"
109.237.96.124 - - [11/Feb/2023:05:35:54 +0000] "POST /_ignition/execute-solution HTTP/1.1" 403 6666 "-" "Mozilla/5.0 (Windows NT 10.0; Win64; x64) AppleWebKit/537.36 (KHTML, like Gecko) Chrome/78.0.3904.108 Safari/537.36"
109.237.96.124 - - [11/Feb/2023:05:35:58 +0000] "POST /_ignition/execute-solution HTTP/1.1" 403 6666 "-" "Mozilla/5.0 (Windows NT 10.0; Win64; x64) AppleWebKit/537.36 (KHTML, like Gecko) Chrome/78.0.3904.108 Safari/537.36"
109.237.96.124 - - [11/Feb/2023:05:36:02 +0000] "POST /_ignition/execute-solution HTTP/1.1" 403 6666 "-" "Mozilla/5.0 (Windows NT 10.0; Win64; x64) AppleWebKit/537.36 (KHTML, like Gecko) Chrome/78.0.3904.108 Safari/537.36"
109.237.96.124 - - [11/Feb/2023:05:36:03 +0000] "POST /_ignition/execute-solution HTTP/1.1" 403 6666 "-" "Mozilla/5.0 (Windows NT 10.0; Win64; x64) AppleWebKit/537.36 (KHTML, like Gecko) Chrome/78.0.3904.108 Safari/537.36"
152.89.196.211 - - [11/Feb/2023:05:38:46 +0000] "GET /actuator/gateway/routes HTTP/1.1" 404 6622 "-" "Mozilla/5.0 (Windows NT 10.0; Win64; x64) AppleWebKit/537.36 (KHTML, like Gecko) Chrome/78.0.3904.108 Safari/537.36"
194.87.151.116 - - [11/Feb/2023:05:57:19 +0000] "POST /boaform/admin/formLogin HTTP/1.1" 404 6622 "http://159.89.25.228:80/admin/login.asp" "Mozilla/5.0 (X11; Ubuntu; Linux x86_64; rv:71.0) Gecko/20100101 Firefox/71.0"
194.87.151.116 - - [11/Feb/2023:05:57:19 +0000] "" 400 0 "-" "-"
143.110.222.166 - - [11/Feb/2023:05:58:26 +0000] "GET / HTTP/1.1" 200 18589 "-" "Mozilla/5.0 (iPhone; CPU iPhone OS 16_1 like Mac OS X) AppleWebKit/605.1.15 (KHTML, like Gecko) Version/16.1 Mobile/15E148 Safari/604.1"
65.49.20.69 - - [11/Feb/2023:06:10:20 +0000] "GET / HTTP/1.1" 200 18589 "-" "Mozilla/5.0 (Windows NT 10.0; Win64; x64; rv:91.0) Gecko/20100101 Firefox/91.0"
65.49.20.69 - - [11/Feb/2023:06:11:54 +0000] "GET /favicon.ico HTTP/1.1" 200 0 "-" "Mozilla/5.0 (Macintosh; Intel Mac OS X 10_13_6) AppleWebKit/537.36 (KHTML, like Gecko) Chrome/105.0.0.0 Safari/537.36"
185.224.128.219 - - [11/Feb/2023:06:16:38 +0000] "GET /admin/config.php HTTP/1.1" 404 153 "-" "python-requests/2.22.0"
193.32.162.159 - - [11/Feb/2023:06:18:39 +0000] "GET / HTTP/1.1" 200 18589 "-" "Mozilla/5.0 (Windows NT 10.0; Win64; x64) AppleWebKit/537.36 (KHTML, like Gecko) Chrome/90.0.4430.85 Safari/537.36 Edg/90.0.818.46"
107.170.230.6 - - [11/Feb/2023:06:19:11 +0000] "GET / HTTP/1.1" 200 18589 "-" "Mozilla/5.0 zgrab/0.x"
185.246.220.98 - - [11/Feb/2023:06:50:21 +0000] "POST /boaform/admin/formLogin HTTP/1.1" 404 6622 "http://159.89.25.228:80/admin/login.asp" "Mozilla/5.0 (X11; Ubuntu; Linux x86_64; rv:71.0) Gecko/20100101 Firefox/71.0"
185.246.220.98 - - [11/Feb/2023:06:50:21 +0000] "" 400 0 "-" "-"
45.79.181.179 - - [11/Feb/2023:06:52:20 +0000] "\x16\x03\x01\x00\x85\x01\x00\x00\x81\x03\x03h\xFD\xBA\xFA6\x0E\x9DC\xFE\xC0\x5C>\xC8\xA4\x19\xB9EM%\x83N\x19d\x05\x9EU_o\xE9\x08?'\x00\x00 \xC0/\xC00\xC0+\xC0,\xCC\xA8\xCC\xA9\xC0\x13\xC0\x09\xC0\x14\xC0" 400 157 "-" "-"
143.110.222.166 - - [11/Feb/2023:07:02:34 +0000] "GET / HTTP/1.1" 200 18589 "-" "Mozilla/5.0 (iPhone; CPU iPhone OS 16_1 like Mac OS X) AppleWebKit/605.1.15 (KHTML, like Gecko) Version/16.1 Mobile/15E148 Safari/604.1"
79.137.207.22 - - [11/Feb/2023:07:21:24 +0000] "CONNECT google.com:443 HTTP/1.1" 400 157 "-" "-"
193.32.162.159 - - [11/Feb/2023:07:45:36 +0000] "GET / HTTP/1.1" 200 18589 "-" "Mozilla/5.0 (Windows NT 10.0; Win64; x64) AppleWebKit/537.36 (KHTML, like Gecko) Chrome/90.0.4430.85 Safari/537.36 Edg/90.0.818.46"
185.224.128.224 - - [11/Feb/2023:08:10:33 +0000] "GET / HTTP/1.1" 200 18589 "-" "libwww-perl/6.67"
143.110.222.166 - - [11/Feb/2023:08:13:01 +0000] "GET / HTTP/1.1" 200 18589 "-" "Mozilla/5.0 (iPhone; CPU iPhone OS 16_1 like Mac OS X) AppleWebKit/605.1.15 (KHTML, like Gecko) Version/16.1 Mobile/15E148 Safari/604.1"
146.190.80.95 - - [11/Feb/2023:08:28:03 +0000] "GET / HTTP/1.1" 200 18589 "-" "Mozilla/5.0 (Windows NT 10.0; Win64; x64) AppleWebKit/537.36 (KHTML, like Gecko) Chrome/78.0.3904.108 Safari/537.36"
146.190.80.95 - - [11/Feb/2023:08:28:04 +0000] "GET / HTTP/1.1" 200 18589 "-" "Mozilla/5.0 (Windows NT 10.0; Win64; x64) AppleWebKit/537.36 (KHTML, like Gecko) Chrome/78.0.3904.108 Safari/537.36"
146.190.80.95 - - [11/Feb/2023:08:28:04 +0000] "GET /wp-includes/wlwmanifest.xml HTTP/1.1" 404 6622 "-" "Mozilla/5.0 (Windows NT 10.0; Win64; x64) AppleWebKit/537.36 (KHTML, like Gecko) Chrome/78.0.3904.108 Safari/537.36"
146.190.80.95 - - [11/Feb/2023:08:28:05 +0000] "GET /xmlrpc.php?rsd HTTP/1.1" 404 555 "-" "Mozilla/5.0 (Windows NT 10.0; Win64; x64) AppleWebKit/537.36 (KHTML, like Gecko) Chrome/78.0.3904.108 Safari/537.36"
146.190.80.95 - - [11/Feb/2023:08:28:05 +0000] "GET / HTTP/1.1" 200 18589 "-" "Mozilla/5.0 (Windows NT 10.0; Win64; x64) AppleWebKit/537.36 (KHTML, like Gecko) Chrome/78.0.3904.108 Safari/537.36"
146.190.80.95 - - [11/Feb/2023:08:28:06 +0000] "GET /blog/wp-includes/wlwmanifest.xml HTTP/1.1" 404 6622 "-" "Mozilla/5.0 (Windows NT 10.0; Win64; x64) AppleWebKit/537.36 (KHTML, like Gecko) Chrome/78.0.3904.108 Safari/537.36"
146.190.80.95 - - [11/Feb/2023:08:28:06 +0000] "GET /web/wp-includes/wlwmanifest.xml HTTP/1.1" 404 6622 "-" "Mozilla/5.0 (Windows NT 10.0; Win64; x64) AppleWebKit/537.36 (KHTML, like Gecko) Chrome/78.0.3904.108 Safari/537.36"
146.190.80.95 - - [11/Feb/2023:08:28:07 +0000] "GET /wordpress/wp-includes/wlwmanifest.xml HTTP/1.1" 404 6622 "-" "Mozilla/5.0 (Windows NT 10.0; Win64; x64) AppleWebKit/537.36 (KHTML, like Gecko) Chrome/78.0.3904.108 Safari/537.36"
146.190.80.95 - - [11/Feb/2023:08:28:07 +0000] "GET /website/wp-includes/wlwmanifest.xml HTTP/1.1" 404 6622 "-" "Mozilla/5.0 (Windows NT 10.0; Win64; x64) AppleWebKit/537.36 (KHTML, like Gecko) Chrome/78.0.3904.108 Safari/537.36"
146.190.80.95 - - [11/Feb/2023:08:28:08 +0000] "GET /wp/wp-includes/wlwmanifest.xml HTTP/1.1" 404 6622 "-" "Mozilla/5.0 (Windows NT 10.0; Win64; x64) AppleWebKit/537.36 (KHTML, like Gecko) Chrome/78.0.3904.108 Safari/537.36"
146.190.80.95 - - [11/Feb/2023:08:28:08 +0000] "GET /news/wp-includes/wlwmanifest.xml HTTP/1.1" 404 6622 "-" "Mozilla/5.0 (Windows NT 10.0; Win64; x64) AppleWebKit/537.36 (KHTML, like Gecko) Chrome/78.0.3904.108 Safari/537.36"
146.190.80.95 - - [11/Feb/2023:08:28:09 +0000] "GET /2018/wp-includes/wlwmanifest.xml HTTP/1.1" 404 6622 "-" "Mozilla/5.0 (Windows NT 10.0; Win64; x64) AppleWebKit/537.36 (KHTML, like Gecko) Chrome/78.0.3904.108 Safari/537.36"
146.190.80.95 - - [11/Feb/2023:08:28:09 +0000] "GET /2019/wp-includes/wlwmanifest.xml HTTP/1.1" 404 6622 "-" "Mozilla/5.0 (Windows NT 10.0; Win64; x64) AppleWebKit/537.36 (KHTML, like Gecko) Chrome/78.0.3904.108 Safari/537.36"
146.190.80.95 - - [11/Feb/2023:08:28:10 +0000] "GET /shop/wp-includes/wlwmanifest.xml HTTP/1.1" 404 6622 "-" "Mozilla/5.0 (Windows NT 10.0; Win64; x64) AppleWebKit/537.36 (KHTML, like Gecko) Chrome/78.0.3904.108 Safari/537.36"
146.190.80.95 - - [11/Feb/2023:08:28:10 +0000] "GET /wp1/wp-includes/wlwmanifest.xml HTTP/1.1" 404 6622 "-" "Mozilla/5.0 (Windows NT 10.0; Win64; x64) AppleWebKit/537.36 (KHTML, like Gecko) Chrome/78.0.3904.108 Safari/537.36"
146.190.80.95 - - [11/Feb/2023:08:28:11 +0000] "GET /test/wp-includes/wlwmanifest.xml HTTP/1.1" 404 6622 "-" "Mozilla/5.0 (Windows NT 10.0; Win64; x64) AppleWebKit/537.36 (KHTML, like Gecko) Chrome/78.0.3904.108 Safari/537.36"
146.190.80.95 - - [11/Feb/2023:08:28:11 +0000] "GET /media/wp-includes/wlwmanifest.xml HTTP/1.1" 404 6622 "-" "Mozilla/5.0 (Windows NT 10.0; Win64; x64) AppleWebKit/537.36 (KHTML, like Gecko) Chrome/78.0.3904.108 Safari/537.36"
146.190.80.95 - - [11/Feb/2023:08:28:12 +0000] "GET /wp2/wp-includes/wlwmanifest.xml HTTP/1.1" 404 6622 "-" "Mozilla/5.0 (Windows NT 10.0; Win64; x64) AppleWebKit/537.36 (KHTML, like Gecko) Chrome/78.0.3904.108 Safari/537.36"
146.190.80.95 - - [11/Feb/2023:08:28:12 +0000] "GET /site/wp-includes/wlwmanifest.xml HTTP/1.1" 404 6622 "-" "Mozilla/5.0 (Windows NT 10.0; Win64; x64) AppleWebKit/537.36 (KHTML, like Gecko) Chrome/78.0.3904.108 Safari/537.36"
146.190.80.95 - - [11/Feb/2023:08:28:13 +0000] "GET /cms/wp-includes/wlwmanifest.xml HTTP/1.1" 404 6622 "-" "Mozilla/5.0 (Windows NT 10.0; Win64; x64) AppleWebKit/537.36 (KHTML, like Gecko) Chrome/78.0.3904.108 Safari/537.36"
146.190.80.95 - - [11/Feb/2023:08:28:13 +0000] "GET /sito/wp-includes/wlwmanifest.xml HTTP/1.1" 404 6622 "-" "Mozilla/5.0 (Windows NT 10.0; Win64; x64) AppleWebKit/537.36 (KHTML, like Gecko) Chrome/78.0.3904.108 Safari/537.36"
146.190.80.95 - - [11/Feb/2023:08:28:14 +0000] "" 400 0 "-" "-"
45.95.55.25 - - [11/Feb/2023:08:30:53 +0000] "CONNECT google.com:443 HTTP/1.1" 400 157 "-" "-"
209.141.48.150 - - [11/Feb/2023:08:44:26 +0000] "POST /boaform/admin/formLogin HTTP/1.1" 404 6622 "http://159.89.25.228:80/admin/login.asp" "Mozilla/5.0 (X11; Ubuntu; Linux x86_64; rv:71.0) Gecko/20100101 Firefox/71.0"
209.141.48.150 - - [11/Feb/2023:08:44:26 +0000] "" 400 0 "-" "-"
45.79.181.223 - - [11/Feb/2023:08:52:54 +0000] "\x16\x03\x01\x00\x85\x01\x00\x00\x81\x03\x03G\xF0Q\xB0\x7F\x98$\xB5\xB5\x12\xD0\x9F\x96\x8A\xEEi|\x1C\x82\xC7x\xFD\xC2\xDC\x12y\xE0\xF9\xDA\xB3G\xA3\x00\x00 \xC0/\xC00\xC0+\xC0,\xCC\xA8\xCC\xA9\xC0\x13\xC0\x09\xC0\x14\xC0" 400 157 "-" "-"
143.110.222.166 - - [11/Feb/2023:09:16:56 +0000] "GET / HTTP/1.1" 200 18589 "-" "Mozilla/5.0 (iPhone; CPU iPhone OS 16_1 like Mac OS X) AppleWebKit/605.1.15 (KHTML, like Gecko) Version/16.1 Mobile/15E148 Safari/604.1"
185.224.128.219 - - [11/Feb/2023:09:18:52 +0000] "GET /admin/config.php HTTP/1.1" 404 153 "-" "python-requests/2.22.0"
209.145.49.145 - - [11/Feb/2023:09:28:29 +0000] "GET /.env HTTP/1.1" 499 0 "-" "Mozilla/5.0 (Linux; U; Android 4.4.2; en-US; HM NOTE 1W Build/KOT49H) AppleWebKit/534.30 (KHTML, like Gecko) Version/4.0 UCBrowser/11.0.5.850 U3/0.8.0 Mobile Safari/534.30"
154.89.5.197 - - [11/Feb/2023:09:30:25 +0000] "GET / HTTP/1.1" 200 18589 "-" "-"
178.72.75.38 - - [11/Feb/2023:09:55:06 +0000] "GET /boaform/admin/formLogin?username=admin&psd=admin HTTP/1.0" 404 6603 "-" "-"
161.97.174.99 - - [11/Feb/2023:09:57:03 +0000] "GET / HTTP/1.1" 200 18589 "-" "Go-http-client/1.1"
161.97.174.99 - - [11/Feb/2023:09:57:03 +0000] "GET /v2/ HTTP/1.1" 404 6622 "-" "Go-http-client/1.1"
161.97.174.99 - - [11/Feb/2023:09:57:03 +0000] "GET /metrics HTTP/1.1" 404 6622 "-" "Go-http-client/1.1"
193.32.162.159 - - [11/Feb/2023:10:10:31 +0000] "GET / HTTP/1.1" 200 18589 "-" "Mozilla/5.0 (Windows NT 10.0; Win64; x64) AppleWebKit/537.36 (KHTML, like Gecko) Chrome/90.0.4430.85 Safari/537.36 Edg/90.0.818.46"
209.145.49.145 - - [11/Feb/2023:10:12:17 +0000] "GET /.env HTTP/1.1" 404 6622 "-" "Mozilla/5.0 (Linux; U; Android 4.4.2; en-US; HM NOTE 1W Build/KOT49H) AppleWebKit/534.30 (KHTML, like Gecko) Version/4.0 UCBrowser/11.0.5.850 U3/0.8.0 Mobile Safari/534.30"
209.145.49.145 - - [11/Feb/2023:10:12:18 +0000] "POST / HTTP/1.1" 405 885404 "-" "Mozilla/5.0 (Linux; U; Android 4.4.2; en-US; HM NOTE 1W Build/KOT49H) AppleWebKit/534.30 (KHTML, like Gecko) Version/4.0 UCBrowser/11.0.5.850 U3/0.8.0 Mobile Safari/534.30"
143.110.222.166 - - [11/Feb/2023:10:13:27 +0000] "GET / HTTP/1.1" 200 18589 "-" "Mozilla/5.0 (iPhone; CPU iPhone OS 16_1 like Mac OS X) AppleWebKit/605.1.15 (KHTML, like Gecko) Version/16.1 Mobile/15E148 Safari/604.1"
41.75.189.112 - - [11/Feb/2023:10:17:59 +0000] "GET /favicon.ico HTTP/1.1" 304 0 "http://159.89.25.228/" "Mozilla/5.0 (Windows NT 10.0; Win64; x64) AppleWebKit/537.36 (KHTML, like Gecko) Chrome/109.0.0.0 Safari/537.36"
43.128.225.120 - - [11/Feb/2023:10:36:19 +0000] "GET / HTTP/1.1" 200 18589 "-" "'Mozilla/5.0"
41.75.189.112 - - [11/Feb/2023:10:39:49 +0000] "GET / HTTP/1.1" 200 18589 "-" "Mozilla/5.0 (Windows NT 10.0; Win64; x64) AppleWebKit/537.36 (KHTML, like Gecko) Chrome/109.0.0.0 Safari/537.36"
84.19.90.115 - - [11/Feb/2023:10:49:45 +0000] "GET / HTTP/1.1" 200 18589 "-" "Mozilla/5.0 (Macintosh; Intel Mac OS X 10_11_6) AppleWebKit/601.7.7 (KHTML, like Gecko) Version/9.1.2 Safari/601.7.7"
45.79.172.21 - - [11/Feb/2023:10:53:10 +0000] "\x16\x03\x01\x00\x85\x01\x00\x00\x81\x03\x03/\x8D\x80s\xC6\xC71\xC7\x1Ba\xE95\xB4\xC5\x10\x15\xFD\xBF2u\x10[a;\x9E\xF4\xA7\x8D'\xE1\xC0f\x00\x00 \xC0/\xC00\xC0+\xC0,\xCC\xA8\xCC\xA9\xC0\x13\xC0\x09\xC0\x14\xC0" 400 157 "-" "-"
41.75.189.112 - - [11/Feb/2023:11:06:03 +0000] "GET / HTTP/1.1" 200 18589 "-" "Mozilla/5.0 (Windows NT 10.0; Win64; x64) AppleWebKit/537.36 (KHTML, like Gecko) Chrome/109.0.0.0 Safari/537.36"
41.75.189.112 - - [11/Feb/2023:11:11:15 +0000] "GET / HTTP/1.1" 200 18589 "-" "Mozilla/5.0 (Windows NT 10.0; Win64; x64) AppleWebKit/537.36 (KHTML, like Gecko) Chrome/109.0.0.0 Safari/537.36"
143.110.222.166 - - [11/Feb/2023:11:12:18 +0000] "GET / HTTP/1.1" 200 18589 "-" "Mozilla/5.0 (iPhone; CPU iPhone OS 16_1 like Mac OS X) AppleWebKit/605.1.15 (KHTML, like Gecko) Version/16.1 Mobile/15E148 Safari/604.1"
209.141.35.17 - - [11/Feb/2023:11:27:21 +0000] "GET / HTTP/1.1" 200 18589 "-" "Linux Gnu (cow)"
143.110.222.166 - - [11/Feb/2023:12:15:44 +0000] "GET / HTTP/1.1" 200 18589 "-" "Mozilla/5.0 (iPhone; CPU iPhone OS 16_1 like Mac OS X) AppleWebKit/605.1.15 (KHTML, like Gecko) Version/16.1 Mobile/15E148 Safari/604.1"
41.75.189.112 - - [11/Feb/2023:12:30:16 +0000] "GET / HTTP/1.1" 200 18589 "-" "Mozilla/5.0 (Windows NT 10.0; Win64; x64) AppleWebKit/537.36 (KHTML, like Gecko) Chrome/109.0.0.0 Safari/537.36"
41.75.189.112 - - [11/Feb/2023:12:30:16 +0000] "GET /favicon.ico HTTP/1.1" 304 0 "http://159.89.25.228/" "Mozilla/5.0 (Windows NT 10.0; Win64; x64) AppleWebKit/537.36 (KHTML, like Gecko) Chrome/109.0.0.0 Safari/537.36"
172.105.128.13 - - [11/Feb/2023:12:49:02 +0000] "\x16\x03\x01\x00\x85\x01\x00\x00\x81\x03\x03\xDC\xE8\x5C+W\xA8\x17\x00\xE1\x07\xF8\x9C\xA9u\xFD\xF6\xD4\xE0\x83\x05\xF7,D\xF8\xCE\x8E_\x06-\x0Br%\x00\x00 \xC0/\xC00\xC0+\xC0,\xCC\xA8\xCC\xA9\xC0\x13\xC0\x09\xC0\x14\xC0" 400 157 "-" "-"
41.75.189.112 - - [11/Feb/2023:12:55:09 +0000] "GET / HTTP/1.1" 200 18589 "-" "Mozilla/5.0 (Windows NT 10.0; Win64; x64) AppleWebKit/537.36 (KHTML, like Gecko) Chrome/109.0.0.0 Safari/537.36"
198.199.92.190 - - [11/Feb/2023:12:58:54 +0000] "MGLNDD_159.89.25.228_80" 400 157 "-" "-"
23.94.255.80 - - [11/Feb/2023:13:01:03 +0000] "GET / HTTP/1.1" 200 18589 "-" "-"
143.110.222.166 - - [11/Feb/2023:13:02:43 +0000] "GET / HTTP/1.1" 200 18589 "-" "Mozilla/5.0 (iPhone; CPU iPhone OS 16_1 like Mac OS X) AppleWebKit/605.1.15 (KHTML, like Gecko) Version/16.1 Mobile/15E148 Safari/604.1"
193.32.162.159 - - [11/Feb/2023:13:09:40 +0000] "GET / HTTP/1.1" 200 18574 "-" "Mozilla/5.0 (Windows NT 10.0; Win64; x64) AppleWebKit/537.36 (KHTML, like Gecko) Chrome/90.0.4430.85 Safari/537.36 Edg/90.0.818.46"
195.133.40.81 - - [11/Feb/2023:13:43:27 +0000] "GET / HTTP/1.1" 200 18589 "-" "-"
195.133.40.81 - - [11/Feb/2023:13:43:35 +0000] "GET ../../proc/ HTTP" 400 157 "-" "-"
